// Jest Snapshot v1, https://goo.gl/fbAQLP

exports[`Box has Footer 1`] = `
.pf-c-box__footer {
  display: block;
  padding: 2rem 2rem 2rem 2rem;
}

<div
  className="pf-c-box__footer"
>
  Box Footer
</div>
`;
