// Jest Snapshot v1, https://goo.gl/fbAQLP

exports[`Box has Header 1`] = `
.pf-c-box {
  display: flex;
  flex-direction: column;
  background-color: #ffffff;
  box-shadow: 0 0.0625rem 0.125rem 0 rgba(3, 3, 3, 0.2);
}

<div
  className="pf-c-box"
>
  Box Footer
</div>
`;
