// Jest Snapshot v1, https://goo.gl/fbAQLP

exports[`Box has body 1`] = `
.pf-c-box__body {
  display: block;
  padding: 2rem 2rem 2rem 2rem;
}

<div
  className="pf-c-box__body"
>
  Box Body
</div>
`;
